// Jest Snapshot v1, https://goo.gl/fbAQLP

exports[`SubmitButton 스냅샷 테스트 1`] = `
<DocumentFragment>
  <button
    class="bg-blue-400 text-white text-uppercase border-none rounded-md p-2 w-full my-4 text-xl font-thin letter-spacing-2 hover:bg-blue-500 active:transform active:translate-y-3 active:border-transparent active:opacity-80 cursor-pointer"
    disabled=""
    type="submit"
  >
    버튼
  </button>
</DocumentFragment>
`;
